test_concurrent_ceiling_and_restart (test_support.BudgetControls.test_concurrent_ceiling_and_restart) ... ok
test_full_22_and_owner (test_support.BudgetControls.test_full_22_and_owner) ... ok
test_row_deadline_and_discovery (test_support.BudgetControls.test_row_deadline_and_discovery) ... ok
test_dependency_addition_refuses (test_support.IdentityControls.test_dependency_addition_refuses) ... ok
test_derived_write_guard (test_support.IdentityControls.test_derived_write_guard) ... ok
test_empty_source_refuses (test_support.IdentityControls.test_empty_source_refuses) ... ok
test_intended_mismatches_before_write (test_support.IdentityControls.test_intended_mismatches_before_write) ... ok
test_launch_mutations (test_support.IdentityControls.test_launch_mutations) ... ok
test_valid_parent (test_support.IdentityControls.test_valid_parent) ... ok
test_dripping_response_deadline_and_redaction (test_support.TransportControls.test_dripping_response_deadline_and_redaction) ... ----------------------------------------
Exception occurred during processing of request from ('127.0.0.1', 51872)
Traceback (most recent call last):
  File "/opt/homebrew/Cellar/python@3.13/3.13.14_1/Frameworks/Python.framework/Versions/3.13/lib/python3.13/socketserver.py", line 697, in process_request_thread
    self.finish_request(request, client_address)
    ~~~~~~~~~~~~~~~~~~~^^^^^^^^^^^^^^^^^^^^^^^^^
  File "/opt/homebrew/Cellar/python@3.13/3.13.14_1/Frameworks/Python.framework/Versions/3.13/lib/python3.13/socketserver.py", line 362, in finish_request
    self.RequestHandlerClass(request, client_address, self)
    ~~~~~~~~~~~~~~~~~~~~~~~~^^^^^^^^^^^^^^^^^^^^^^^^^^^^^^^
  File "/opt/homebrew/Cellar/python@3.13/3.13.14_1/Frameworks/Python.framework/Versions/3.13/lib/python3.13/socketserver.py", line 766, in __init__
    self.handle()
    ~~~~~~~~~~~^^
  File "/opt/homebrew/Cellar/python@3.13/3.13.14_1/Frameworks/Python.framework/Versions/3.13/lib/python3.13/http/server.py", line 449, in handle
    self.handle_one_request()
    ~~~~~~~~~~~~~~~~~~~~~~~^^
  File "/opt/homebrew/Cellar/python@3.13/3.13.14_1/Frameworks/Python.framework/Versions/3.13/lib/python3.13/http/server.py", line 415, in handle_one_request
    self.raw_requestline = self.rfile.readline(65537)
                           ~~~~~~~~~~~~~~~~~~~^^^^^^^
  File "/opt/homebrew/Cellar/python@3.13/3.13.14_1/Frameworks/Python.framework/Versions/3.13/lib/python3.13/socket.py", line 723, in readinto
    return self._sock.recv_into(b)
           ~~~~~~~~~~~~~~~~~~~~^^^
ConnectionResetError: [Errno 54] Connection reset by peer
----------------------------------------
ok
test_external_upstream_refused_without_network (test_support.TransportControls.test_external_upstream_refused_without_network) ... ok
test_failure_timeout_redirect_and_disconnect_are_counted (test_support.TransportControls.test_failure_timeout_redirect_and_disconnect_are_counted) ... ok

----------------------------------------------------------------------
Ran 12 tests in 2.121s

OK
