go run ./cmd/grade -ch 11 solutions/edition-2/main
usage: ensemble [chat | protocol | dump | render LOG | replay LOG SEQ]
usage: ensemble [chat | protocol | dump | render LOG | replay LOG SEQ]
usage: ensemble [chat | protocol | dump | render LOG | replay LOG SEQ]
usage: ensemble [chat | protocol | dump | render LOG | replay LOG SEQ]
usage: ensemble [chat | protocol | dump | render LOG | replay LOG SEQ]
usage: ensemble [chat | protocol | dump | render LOG | replay LOG SEQ]
usage: ensemble [chat | protocol | dump | render LOG | replay LOG SEQ]
usage: ensemble [chat | protocol | dump | render LOG | replay LOG SEQ]
usage: ensemble [chat | protocol | dump | render LOG | replay LOG SEQ]
cannot create fresh event log
usage: ensemble [chat | protocol | dump | render LOG | replay LOG SEQ]
Chapter 11 — Persistence
============================================================

[FAIL]      Save file records config, anchors at the last log Seq, numbers strictly up  (0/15)
       save-shape: session 1: GUI server did not start

[FAIL]      A second start in the same directory, no flags, resumes the conversation  (0/20)
       default-load: session 1: GUI server did not start

[FAIL]      Loading a save, and loading it with context null, render identical requests  (0/20)
       replay-equals-snapshot: session 1: GUI server did not start

[FAIL]      An older snapshot spliced onto a newer log replays the tail exactly once  (0/15)
       tail-applied-once: session 1: GUI server did not start

[FAIL]      A snapshot with an empty log is a complete save, and numbering continues  (0/10)
       log-not-needed: session 1: GUI server did not start

[FAIL]      A save file that does not parse is fatal, and its bytes are left alone  (0/5)
       bad-save-refused: session 1: GUI server did not start

[FAIL]      Chapter 10 checks still pass  (0/15)
       ch10 parity: one or more ch10 checks failed

------------------------------------------------------------
score: 0/100 — FAIL
exit status 1
make: *** [grade-dir] Error 1
